// Jest Snapshot v1, https://goo.gl/fbAQLP

exports[`renders correctly 1`] = `
<div
  className="row"
>
  <div
    className="col-md-6 col-xl-4"
  >
    <div
      className="card mb-3 widget-content bg-arielle-smile"
    >
      <div
        className="widget-content-wrapper text-white"
      >
        <div
          className="widget-content-left"
        >
          <div
            className="widget-heading"
          >
            Total Confirmed
          </div>
          <div
            className="widget-subheading"
          />
        </div>
        <div
          className="widget-content-right"
        >
          <div
            className="widget-numbers text-white"
          >
            <span>
              0
            </span>
          </div>
        </div>
      </div>
    </div>
  </div>
  <div
    className="col-md-6 col-xl-4"
  >
    <div
      className="card mb-3 widget-content bg-strong-bliss"
    >
      <div
        className="widget-content-wrapper text-white"
      >
        <div
          className="widget-content-left"
        >
          <div
            className="widget-heading"
          >
            Total Deaths
          </div>
          <div
            className="widget-subheading"
          />
        </div>
        <div
          className="widget-content-right"
        >
          <div
            className="widget-numbers text-white"
          >
            <span>
              0
            </span>
          </div>
        </div>
      </div>
    </div>
  </div>
  <div
    className="col-md-6 col-xl-4"
  >
    <div
      className="card mb-3 widget-content bg-grow-early"
    >
      <div
        className="widget-content-wrapper text-white"
      >
        <div
          className="widget-content-left"
        >
          <div
            className="widget-heading"
          >
            Total Recovered
          </div>
          <div
            className="widget-subheading"
          />
        </div>
        <div
          className="widget-content-right"
        >
          <div
            className="widget-numbers text-white"
          >
            <span>
              0
            </span>
          </div>
        </div>
      </div>
    </div>
  </div>
</div>
`;
